// Jest Snapshot v1, https://goo.gl/fbAQLP

exports[`Task tests Snapshot check 1`] = `
<li
  className="
          task
          
          taskHover
          
        "
  id="0"
  onClick={[Function]}
  onKeyDown={[Function]}
  role="presentation"
>
  <span
    role="textbox"
    tabIndex="-1"
  >
    TestValue
  </span>
  <div
    className="removeButton"
    onClick={[Function]}
    onKeyDown={[Function]}
    role="button"
    tabIndex="-1"
  >
    x
  </div>
  <div
    className="editButton"
    onClick={[Function]}
    onKeyPress={[Function]}
    role="button"
    tabIndex="-1"
  >
    e
  </div>
</li>
`;
